// Jest Snapshot v1, https://goo.gl/fbAQLP

exports[`Success renders correctly 1`] = `
ShallowWrapper {
  "length": 1,
  Symbol(enzyme.__root__): [Circular],
  Symbol(enzyme.__unrendered__): <Success />,
  Symbol(enzyme.__renderer__): Object {
    "batchedUpdates": [Function],
    "getNode": [Function],
    "render": [Function],
    "simulateEvent": [Function],
    "unmount": [Function],
  },
  Symbol(enzyme.__node__): Object {
    "instance": null,
    "key": undefined,
    "nodeType": "host",
    "props": Object {
      "children": <p>
        The secret number is 
        .
</p>,
    },
    "ref": null,
    "rendered": Object {
      "instance": null,
      "key": undefined,
      "nodeType": "host",
      "props": Object {
        "children": Array [
          "The secret number is ",
          undefined,
          ".",
        ],
      },
      "ref": null,
      "rendered": Array [
        "The secret number is ",
        undefined,
        ".",
      ],
      "type": "p",
    },
    "type": "div",
  },
  Symbol(enzyme.__nodes__): Array [
    Object {
      "instance": null,
      "key": undefined,
      "nodeType": "host",
      "props": Object {
        "children": <p>
          The secret number is 
          .
</p>,
      },
      "ref": null,
      "rendered": Object {
        "instance": null,
        "key": undefined,
        "nodeType": "host",
        "props": Object {
          "children": Array [
            "The secret number is ",
            undefined,
            ".",
          ],
        },
        "ref": null,
        "rendered": Array [
          "The secret number is ",
          undefined,
          ".",
        ],
        "type": "p",
      },
      "type": "div",
    },
  ],
  Symbol(enzyme.__options__): Object {
    "adapter": ReactSixteenAdapter {
      "options": Object {
        "enableComponentDidUpdateOnSetState": true,
      },
    },
    "disableLifecycleMethods": true,
  },
}
`;
